// Jest Snapshot v1, https://goo.gl/fbAQLP

exports[`App GET /fibo/:number should call fibo() 1`] = `
{
  "input": 10,
  "output": 55,
}
`;
